Archive member included to satisfy reference by file (symbol)

C:/nolibgs_hello_worlds/psyq/lib\libapi.a(c57.o)
                              fnaf2.o (InitHeap)
C:/nolibgs_hello_worlds/psyq/lib\libc.a(c47.o)
                              fnaf2.o (rand)
C:/nolibgs_hello_worlds/psyq/lib\libc.a(c48.o)
                              fnaf2.o (srand)
C:/nolibgs_hello_worlds/psyq/lib\libc.a(c51.o)
                              fnaf2.o (malloc)
C:/nolibgs_hello_worlds/psyq/lib\libc.a(c52.o)
                              fnaf2.o (free)
C:/nolibgs_hello_worlds/psyq/lib\libetc.a(intr.o)
                              fnaf2.o (ResetCallback)
C:/nolibgs_hello_worlds/psyq/lib\libetc.a(intr_dma.o)
                              C:/nolibgs_hello_worlds/psyq/lib\libetc.a(intr.o) (startIntrDMA)
C:/nolibgs_hello_worlds/psyq/lib\libetc.a(intr_vb.o)
                              C:/nolibgs_hello_worlds/psyq/lib\libetc.a(intr.o) (startIntrVSync)
C:/nolibgs_hello_worlds/psyq/lib\libetc.a(pad.o)
                              fnaf2.o (PadRead)
C:/nolibgs_hello_worlds/psyq/lib\libetc.a(vsync.o)
                              fnaf2.o (VSync)
C:/nolibgs_hello_worlds/psyq/lib\libgpu.a(e03.o)
                              fnaf2.o (SetDefDrawEnv)
C:/nolibgs_hello_worlds/psyq/lib\libgpu.a(e04.o)
                              fnaf2.o (SetDefDispEnv)
C:/nolibgs_hello_worlds/psyq/lib\libgpu.a(font.o)
                              fnaf2.o (FntFlush)
C:/nolibgs_hello_worlds/psyq/lib\libgpu.a(p06.o)
                              C:/nolibgs_hello_worlds/psyq/lib\libgpu.a(font.o) (AddPrim)
C:/nolibgs_hello_worlds/psyq/lib\libgpu.a(p09.o)
                              C:/nolibgs_hello_worlds/psyq/lib\libgpu.a(font.o) (TermPrim)
C:/nolibgs_hello_worlds/psyq/lib\libgpu.a(p10.o)
                              C:/nolibgs_hello_worlds/psyq/lib\libgpu.a(font.o) (SetSemiTrans)
C:/nolibgs_hello_worlds/psyq/lib\libgpu.a(p20.o)
                              C:/nolibgs_hello_worlds/psyq/lib\libgpu.a(font.o) (SetSprt8)
C:/nolibgs_hello_worlds/psyq/lib\libgpu.a(p26.o)
                              C:/nolibgs_hello_worlds/psyq/lib\libgpu.a(font.o) (SetTile)
C:/nolibgs_hello_worlds/psyq/lib\libgpu.a(p41.o)
                              C:/nolibgs_hello_worlds/psyq/lib\libgpu.a(font.o) (SetDrawMode)
C:/nolibgs_hello_worlds/psyq/lib\libgpu.a(sys.o)
                              fnaf2.o (ClearImage2)
C:/nolibgs_hello_worlds/psyq/lib\libgpu.a(t00.o)
                              fnaf2.o (ReadTIM)
C:/nolibgs_hello_worlds/psyq/lib\libgpu.a(e00.o)
                              C:/nolibgs_hello_worlds/psyq/lib\libgpu.a(font.o) (LoadTPage)
C:/nolibgs_hello_worlds/psyq/lib\libgpu.a(e02.o)
                              C:/nolibgs_hello_worlds/psyq/lib\libgpu.a(font.o) (LoadClut2)
C:/nolibgs_hello_worlds/psyq/lib\libgpu.a(p00.o)
                              C:/nolibgs_hello_worlds/psyq/lib\libgpu.a(e00.o) (GetTPage)
C:/nolibgs_hello_worlds/psyq/lib\libgpu.a(p01.o)
                              C:/nolibgs_hello_worlds/psyq/lib\libgpu.a(e02.o) (GetClut)
C:/nolibgs_hello_worlds/psyq/lib\libgte.a(cmb_00.o)
                              fnaf2.o (RotTransPers4)
C:/nolibgs_hello_worlds/psyq/lib\libgte.a(fgo_01.o)
                              fnaf2.o (RotMatrix)
C:/nolibgs_hello_worlds/psyq/lib\libgte.a(msc00.o)
                              fnaf2.o (InitGeom)
C:/nolibgs_hello_worlds/psyq/lib\libgte.a(mtx_07.o)
                              fnaf2.o (TransMatrix)
C:/nolibgs_hello_worlds/psyq/lib\libgte.a(mtx_08.o)
                              fnaf2.o (ScaleMatrix)
C:/nolibgs_hello_worlds/psyq/lib\libgte.a(mtx_09.o)
                              fnaf2.o (SetRotMatrix)
C:/nolibgs_hello_worlds/psyq/lib\libgte.a(mtx_12.o)
                              fnaf2.o (SetTransMatrix)
C:/nolibgs_hello_worlds/psyq/lib\libgte.a(patchgte.o)
                              C:/nolibgs_hello_worlds/psyq/lib\libgte.a(msc00.o) (_patch_gte)
C:/nolibgs_hello_worlds/psyq/lib\libgte.a(reg12.o)
                              fnaf2.o (SetGeomOffset)
C:/nolibgs_hello_worlds/psyq/lib\libgte.a(reg13.o)
                              fnaf2.o (SetGeomScreen)
C:/nolibgs_hello_worlds/psyq/lib\libgte.a(cstbl.o)
                              C:/nolibgs_hello_worlds/psyq/lib\libgte.a(fgo_01.o) (rcossin_tbl)
C:/nolibgs_hello_worlds/psyq/lib\libspu.a(s_gks.o)
                              fnaf2.o (SpuGetKeyStatus)
C:/nolibgs_hello_worlds/psyq/lib\libspu.a(s_i.o)
                              fnaf2.o (SpuInit)
C:/nolibgs_hello_worlds/psyq/lib\libspu.a(s_ini.o)
                              C:/nolibgs_hello_worlds/psyq/lib\libspu.a(s_gks.o) (_spu_keystat)
C:/nolibgs_hello_worlds/psyq/lib\libspu.a(s_itc.o)
                              fnaf2.o (SpuIsTransferCompleted)
C:/nolibgs_hello_worlds/psyq/lib\libspu.a(s_m.o)
                              C:/nolibgs_hello_worlds/psyq/lib\libspu.a(s_ini.o) (_spu_memList)
C:/nolibgs_hello_worlds/psyq/lib\libspu.a(s_m_init.o)
                              fnaf2.o (SpuInitMalloc)
[...]
Memory Configuration

Name             Origin             Length             Attributes
loader           0x000000008000f800 0x0000000000000800
ram              0x0000000080010000 0x00000000001f0000 xrw
dcache           0x000000001f800000 0x0000000000000400
*default*        0x0000000000000000 0xffffffffffffffff

Linker script and memory map

LOAD fnaf2.o
LOAD tim/oLEFTpart2.o
LOAD tim/oLEFTpart2light.o
LOAD tim/officeLEFTlighttoychica.o
LOAD tim/officeMIDDLE.o
LOAD tim/officeMIDDLElight.o
LOAD tim/oRIGHTpart2.o
LOAD tim/oRIGHTpart2light.o
LOAD tim/officeRIGHTlighttoybonnie.o
LOAD tim/officeRIGHTlightmangle.o
LOAD tim/CAMERAMONITOR.o
LOAD tim/FAM.o
LOAD tim/load.o
LOAD tim/SAM.o
LOAD tim/fnt.o
LOAD tim/GJFIV.o
LOAD tim/GJSEV.o
LOAD tim/GJSIX.o
LOAD tim/jumpC.o
LOAD tim/jumpC2.o
LOAD tim/jumpC3.o
LOAD tim/jumpB.o
LOAD tim/jumpB2.o
LOAD tim/jumpB3.o
LOAD tim/jumpB4.o
LOAD tim/jumpB5.o
LOAD tim/jumpF0.o
LOAD tim/jumpF1.o
LOAD tim/jumpF2.o
LOAD tim/jumpF3.o
LOAD tim/jumpF4.o
LOAD tim/jumpF5.o
LOAD tim/jumpP1.o
LOAD tim/jumpP2.o
LOAD tim/jumpP3.o
LOAD tim/jumpP4.o
LOAD tim/jumpP5.o
LOAD tim/TBjump1.o
LOAD tim/TBjump2.o
LOAD tim/TBjump3.o
LOAD tim/TBjump4.o
LOAD tim/TBjump5.o
LOAD tim/jumpTF1.o
LOAD tim/jumpTF2.o
LOAD tim/jumpTF3.o
LOAD tim/jumpTF4.o
LOAD tim/jumpTF5.o
LOAD tim/jumpFO.o
LOAD tim/jumpFO2.o
LOAD tim/jumpFO3.o
LOAD tim/jumpFO4.o
LOAD tim/jumpFO5.o
LOAD tim/static1.o
LOAD tim/5AM1.o
LOAD tim/5AM2.o
LOAD tim/5AM3.o
LOAD tim/5AM4.o
LOAD tim/5AM5.o
LOAD tim/6AM1.o
LOAD tim/6AM2.o
LOAD tim/6AM3.o
LOAD tim/6AM4.o
LOAD tim/6AM5.o
LOAD tim/6AM6.o
LOAD tim/itsme.o
LOAD tim/fan1.o
LOAD tim/fan2.o
LOAD tim/fan3.o
LOAD tim/fan4.o
LOAD tim/timer0.o
LOAD tim/timer1.o
LOAD tim/timer2.o
LOAD tim/timer3.o
LOAD tim/timer4.o
LOAD tim/timer5.o
LOAD tim/timer6.o
LOAD tim/timer7.o
LOAD tim/timer8.o
LOAD tim/timer9.o
LOAD tim/timer10.o
LOAD tim/timer11.o
LOAD tim/timer12.o
LOAD tim/timer13.o
LOAD tim/timer14.o
LOAD tim/timer15.o
LOAD tim/timer16.o
LOAD tim/timer17.o
LOAD tim/timer18.o
LOAD tim/timer19.o
LOAD tim/timer20.o
LOAD tim/gameover.o
LOAD tim/toychicahallway.o
LOAD tim/foxyhallway.o
LOAD tim/freddyhallway.o
LOAD tim/toyfreddyhallway.o
LOAD tim/bonniehallway.o
LOAD tim/officeFREDDY.o
LOAD tim/officeBONNIE.o
LOAD tim/officeCHICA.o
LOAD tim/officeTOYFREDDY.o
LOAD tim/officeTOYBONNIE.o
LOAD tim/mutecall.o
LOAD tim/manglehanging.o
LOAD vag/light.o
LOAD vag/monitor_down.o
LOAD vag/monitor_up.o
LOAD vag/mask-down.o
LOAD vag/mask-up.o
LOAD vag/officesound.o
LOAD vag/click.o
LOAD vag/screamer.o
LOAD vag/honk.o
LOAD vag/jamlight.o
LOAD vag/coin.o
LOAD vag/vent1.o
LOAD vag/vent2.o
LOAD vag/alarm.o
LOAD vag/windup.o
LOAD vag/BB1.o
LOAD vag/BB2.o
LOAD vag/BB3.o
LOAD vag/clickfail.o
LOAD C:/nolibgs_hello_worlds/thirdparty/nugget/common/crt0/crt0.o
LOAD C:/nolibgs_hello_worlds/thirdparty/nugget/common/syscalls/printf.o
START GROUP
LOAD C:/nolibgs_hello_worlds/psyq/lib\libapi.a
LOAD C:/nolibgs_hello_worlds/psyq/lib\libc.a
LOAD C:/nolibgs_hello_worlds/psyq/lib\libc2.a
LOAD C:/nolibgs_hello_worlds/psyq/lib\libcard.a
LOAD C:/nolibgs_hello_worlds/psyq/lib\libcomb.a
LOAD C:/nolibgs_hello_worlds/psyq/lib\libds.a
LOAD C:/nolibgs_hello_worlds/psyq/lib\libetc.a
LOAD C:/nolibgs_hello_worlds/psyq/lib\libgpu.a
LOAD C:/nolibgs_hello_worlds/psyq/lib\libgs.a
LOAD C:/nolibgs_hello_worlds/psyq/lib\libgte.a
LOAD C:/nolibgs_hello_worlds/psyq/lib\libgun.a
LOAD C:/nolibgs_hello_worlds/psyq/lib\libhmd.a
LOAD C:/nolibgs_hello_worlds/psyq/lib\libmath.a
LOAD C:/nolibgs_hello_worlds/psyq/lib\libmcrd.a
LOAD C:/nolibgs_hello_worlds/psyq/lib\libmcx.a
LOAD C:/nolibgs_hello_worlds/psyq/lib\libpad.a
LOAD C:/nolibgs_hello_worlds/psyq/lib\libpress.a
LOAD C:/nolibgs_hello_worlds/psyq/lib\libsio.a
LOAD C:/nolibgs_hello_worlds/psyq/lib\libsnd.a
LOAD C:/nolibgs_hello_worlds/psyq/lib\libspu.a
LOAD C:/nolibgs_hello_worlds/psyq/lib\libtap.a
LOAD C:/nolibgs_hello_worlds/psyq/lib\libcd.a
END GROUP
                0x00000000801f9a00                __heap_base = __bss_end
                0x0000000080010000                TLOAD_ADDR = DEFINED (TLOAD_ADDR)?TLOAD_ADDR:0x80010000
                0x0000000080200000                __ram_top = (ORIGIN (ram) + LENGTH (ram))
                0x00000000801fff00                __sp = (__ram_top - 0x100)
                0x000000001f800000                __dcache = ORIGIN (dcache)
                0x000000001f800400                __dcache_top = (ORIGIN (dcache) + LENGTH (dcache))
                0x0000000000059200                __bss_len = (__bss_end - __bss_start)
                0x000000000001b530                __ftext_len = (__ftext_end - __ftext_start)
                0x00000000001752d0                __fdata_len = (__fdata_end - __fdata_start)
                0x0000000080200000                __stack_start = (ORIGIN (ram) + LENGTH (ram))

.PSX_EXE_Header
                0x000000008000f800      0x800
                0x000000008000f800        0x1 BYTE 0x50
                0x000000008000f801        0x1 BYTE 0x53
                0x000000008000f802        0x1 BYTE 0x2d
                0x000000008000f803        0x1 BYTE 0x58
                0x000000008000f804        0x1 BYTE 0x20
                0x000000008000f805        0x1 BYTE 0x45
                0x000000008000f806        0x1 BYTE 0x58
                0x000000008000f807        0x1 BYTE 0x45
                0x000000008000f808        0x4 LONG 0x0
                0x000000008000f80c        0x4 LONG 0x0
                0x000000008000f810        0x4 LONG 0x80010000 ABSOLUTE (_start)
                0x000000008000f814        0x4 LONG 0x0
                0x000000008000f818        0x4 LONG 0x80010000 TLOAD_ADDR
                0x000000008000f81c        0x4 LONG 0x190800 (__ftext_len + __fdata_len)
                0x000000008000f820        0x4 LONG 0x0
                0x000000008000f824        0x4 LONG 0x0
                0x000000008000f828        0x4 LONG 0x0
                0x000000008000f82c        0x4 LONG 0x0
                0x000000008000f830        0x4 LONG 0x801fff00 DEFINED (_sp)?ABSOLUTE (_sp):0x801fff00
                0x000000008000f834        0x4 LONG 0x0
                0x0000000080010000                . = (. + 0x7c8)
 *fill*         0x000000008000f838      0x7c8 
                0x0000000080010000                __ftext_start = ABSOLUTE (.)

.text           0x0000000080010000    0x1b530
 *(.start)
 .start         0x0000000080010000       0x64 C:/nolibgs_hello_worlds/thirdparty/nugget/common/crt0/crt0.o
                0x0000000080010000                _start
 *(.init)
 *(SORT_NONE(.fini))
 *(.text.unlikely .text.*_unlikely .text.unlikely.*)
 *(.text.exit .text.exit.*)
 *(.text.startup .text.startup.*)
 .text.startup.main
                0x0000000080010064     0x467c fnaf2.o
                0x0000000080010064                main
 *(.text.hot .text.hot.*)
 *(.text .stub .text.* .gnu.linkonce.t.*)
 .text.Ran      0x00000000800146e0       0x50 fnaf2.o
                0x00000000800146e0                Ran
 .text.clearVRAMMenu
                0x0000000080014730       0x70 fnaf2.o
                0x0000000080014730                clearVRAMMenu
 .text.clearVRAMloading
                0x00000000800147a0       0x4c fnaf2.o
                0x00000000800147a0                clearVRAMloading
 .text.clearVRAMScreamer
                0x00000000800147ec       0x4c fnaf2.o
                0x00000000800147ec                clearVRAMScreamer
 .text.clearVRAM
                0x0000000080014838       0x68 fnaf2.o
                0x0000000080014838                clearVRAM
 .text.makepoly
                0x00000000800148a0     0x2f50 fnaf2.o
                0x00000000800148a0                makepoly
 .text.cameraloc
                0x00000000800177f0     0x1374 fnaf2.o
                0x00000000800177f0                cameraloc
 .text.LoadTexture
                0x0000000080018b64       0x7c fnaf2.o
                0x0000000080018b64                LoadTexture
 .text.init     0x0000000080018be0      0x140 fnaf2.o
                0x0000000080018be0                init
 .text.display  0x0000000080018d20       0xb0 fnaf2.o
                0x0000000080018d20                display
 .text.initSnd  0x0000000080018dd0       0x64 fnaf2.o
                0x0000000080018dd0                initSnd
 .text.spuSetup
                0x0000000080018e34       0x50 fnaf2.o
                0x0000000080018e34                spuSetup
 .text.XAsetup  0x0000000080018e84       0x3c fnaf2.o
                0x0000000080018e84                XAsetup
 .text.sendVAGtoSPU
                0x0000000080018ec0       0x50 fnaf2.o
                0x0000000080018ec0                sendVAGtoSPU
 .text.setVoiceAttr
                0x0000000080018f10      0x18c fnaf2.o
                0x0000000080018f10                setVoiceAttr
 .text.setSPUtransfer
                0x000000008001909c      0x100 fnaf2.o
                0x000000008001909c                setSPUtransfer
 .text.checking
                0x000000008001919c      0x544 fnaf2.o
                0x000000008001919c                checking
 .text.timeFunc
                0x00000000800196e0       0xcc fnaf2.o
                0x00000000800196e0                timeFunc
 .text.resetgame
                0x00000000800197ac      0x2c8 fnaf2.o
                0x00000000800197ac                resetgame
 .text.print    0x0000000080019a74      0x554 fnaf2.o
                0x0000000080019a74                print
 .text.printNightInfo
                0x0000000080019fc8      0x17c fnaf2.o
                0x0000000080019fc8                printNightInfo
 .text.menuselectionfunc
                0x000000008001a144     0x2444 fnaf2.o
                0x000000008001a144                menuselectionfunc
 .text.menuPrint
                0x000000008001c588      0xa34 fnaf2.o
                0x000000008001c588                menuPrint
 .text.gameoverprint
                0x000000008001cfbc       0x50 fnaf2.o
                0x000000008001cfbc                gameoverprint
 .text.LightFunc
                0x000000008001d00c      0x248 fnaf2.o
                0x000000008001d00c                LightFunc
 .text.MaskFunc
                0x000000008001d254       0xf8 fnaf2.o
                0x000000008001d254                MaskFunc
 .text.LightFuncHall
                0x000000008001d34c      0x1f8 fnaf2.o
                0x000000008001d34c                LightFuncHall
 .text.AImoving
                0x000000008001d544     0x15d0 fnaf2.o
                0x000000008001d544                AImoving
 .text.animatronicFunc
                0x000000008001eb14      0x870 fnaf2.o
                0x000000008001eb14                animatronicFunc
 .text.starting
                0x000000008001f384      0x1d0 fnaf2.o
                0x000000008001f384                starting
 .text.CameraFunc
                0x000000008001f554      0x18c fnaf2.o
                0x000000008001f554                CameraFunc
 .text.controllerinput
                0x000000008001f6e0      0x404 fnaf2.o
                0x000000008001f6e0                controllerinput
 .text.screamer
                0x000000008001fae4      0x5b4 fnaf2.o
                0x000000008001fae4                screamer
 .text.gamevictory
                0x0000000080020098       0x5c fnaf2.o
                0x0000000080020098                gamevictory
 .text.finishednight
                0x00000000800200f4      0x4c8 fnaf2.o
                0x00000000800200f4                finishednight
 *fill*         0x00000000800205bc        0x4 
 .text          0x00000000800205c0       0x10 C:/nolibgs_hello_worlds/psyq/lib\libapi.a(c57.o)
                0x00000000800205c0                InitHeap
 .text          0x00000000800205d0       0x10 C:/nolibgs_hello_worlds/psyq/lib\libc.a(c47.o)
                0x00000000800205d0                rand
 .text          0x00000000800205e0       0x10 C:/nolibgs_hello_worlds/psyq/lib\libc.a(c48.o)
                0x00000000800205e0                srand
 .text          0x00000000800205f0       0x10 C:/nolibgs_hello_worlds/psyq/lib\libc.a(c51.o)
                0x00000000800205f0                malloc
 .text          0x0000000080020600       0x10 C:/nolibgs_hello_worlds/psyq/lib\libc.a(c52.o)
                0x0000000080020600                free
 .text          0x0000000080020610      0x6c0 C:/nolibgs_hello_worlds/psyq/lib\libetc.a(intr.o)
                0x0000000080020610                ResetCallback
                0x0000000080020640                InterruptCallback
                0x0000000080020670                DMACallback
                0x00000000800206a0                VSyncCallback
                0x00000000800206d4                VSyncCallbacks
                0x0000000080020704                StopCallback
                0x0000000080020734                RestartCallback
                0x0000000080020764                CheckCallback
                0x0000000080020774                GetIntrMask
                0x000000008002078c                SetIntrMask
 .text          0x0000000080020cd0      0x2a0 C:/nolibgs_hello_worlds/psyq/lib\libetc.a(intr_dma.o)
                0x0000000080020cd0                startIntrDMA
 .text          0x0000000080020f70      0x120 C:/nolibgs_hello_worlds/psyq/lib\libetc.a(intr_vb.o)
                0x0000000080020f70                startIntrVSync
 .text          0x0000000080021090       0x80 C:/nolibgs_hello_worlds/psyq/lib\libetc.a(pad.o)
                0x0000000080021090                PadInit
                0x00000000800210dc                PadRead
 .text          0x0000000080021110      0x210 C:/nolibgs_hello_worlds/psyq/lib\libetc.a(vsync.o)
                0x0000000080021110                VSync
 .text          0x0000000080021320       0xc0 C:/nolibgs_hello_worlds/psyq/lib\libgpu.a(e03.o)
                0x0000000080021320                SetDefDrawEnv
 .text          0x00000000800213e0       0x40 C:/nolibgs_hello_worlds/psyq/lib\libgpu.a(e04.o)
                0x00000000800213e0                SetDefDispEnv
 .text          0x0000000080021420      0xa80 C:/nolibgs_hello_worlds/psyq/lib\libgpu.a(font.o)
                0x0000000080021420                SetDumpFnt
                0x0000000080021460                FntLoad
                0x0000000080021500                FntOpen
                0x00000000800217bc                FntFlush
                0x0000000080021ad8                FntPrint
 .text          0x0000000080021ea0       0x40 C:/nolibgs_hello_worlds/psyq/lib\libgpu.a(p06.o)
                0x0000000080021ea0                AddPrim
 .text          0x0000000080021ee0       0x20 C:/nolibgs_hello_worlds/psyq/lib\libgpu.a(p09.o)
                0x0000000080021ee0                TermPrim
 .text          0x0000000080021f00       0x30 C:/nolibgs_hello_worlds/psyq/lib\libgpu.a(p10.o)
                0x0000000080021f00                SetSemiTrans
 .text          0x0000000080021f30       0x20 C:/nolibgs_hello_worlds/psyq/lib\libgpu.a(p20.o)
                0x0000000080021f30                SetSprt8
 .text          0x0000000080021f50       0x20 C:/nolibgs_hello_worlds/psyq/lib\libgpu.a(p26.o)
                0x0000000080021f50                SetTile
 .text          0x0000000080021f70       0xa0 C:/nolibgs_hello_worlds/psyq/lib\libgpu.a(p41.o)
                0x0000000080021f70                SetDrawMode
 .text          0x0000000080022010     0x2f00 C:/nolibgs_hello_worlds/psyq/lib\libgpu.a(sys.o)
                0x0000000080022010                ResetGraph
                0x0000000080022184                SetGraphDebug
                0x00000000800221e0                SetGraphQueue
                0x0000000080022284                GetGraphDebug
                0x0000000080022294                DrawSyncCallback
                0x00000000800222f4                SetDispMask
                0x000000008002238c                DrawSync
                0x0000000080022510                ClearImage
                0x00000000800225a0                ClearImage2
                0x0000000080022638                LoadImage
                0x0000000080022698                StoreImage
                0x00000000800226f8                MoveImage
                0x00000000800227b0                ClearOTag
                0x0000000080022878                ClearOTagR
                0x0000000080022924                DrawPrim
                0x0000000080022980                DrawOTag
                0x00000000800229f0                PutDrawEnv
                0x0000000080022ab0                DrawOTagEnv
                0x0000000080022b88                GetDrawEnv
                0x0000000080022bbc                PutDispEnv
                0x00000000800230b4                GetDispEnv
                0x00000000800230e8                GetODE
                0x0000000080023118                SetDrawArea
                0x0000000080023198                SetDrawOffset
                0x00000000800231d8                SetDrawEnv
                0x0000000080024aa8                LoadImage2
                0x0000000080024b94                StoreImage2
                0x0000000080024c80                MoveImage2
                0x0000000080024dc4                DrawOTag2
                0x0000000080024ec0                _GPU_ResetCallback
 .text          0x0000000080024f10      0x190 C:/nolibgs_hello_worlds/psyq/lib\libgpu.a(t00.o)
                0x0000000080024f10                OpenTIM
                0x0000000080024f20                ReadTIM
 .text          0x00000000800250a0       0xf0 C:/nolibgs_hello_worlds/psyq/lib\libgpu.a(e00.o)
                0x00000000800250a0                LoadTPage
 .text          0x0000000080025190       0x70 C:/nolibgs_hello_worlds/psyq/lib\libgpu.a(e02.o)
                0x0000000080025190                LoadClut2
 .text          0x0000000080025200       0x40 C:/nolibgs_hello_worlds/psyq/lib\libgpu.a(p00.o)
                0x0000000080025200                GetTPage
 .text          0x0000000080025240       0x20 C:/nolibgs_hello_worlds/psyq/lib\libgpu.a(p01.o)
                0x0000000080025240                GetClut
 .text          0x0000000080025260       0x80 C:/nolibgs_hello_worlds/psyq/lib\libgte.a(cmb_00.o)
                0x0000000080025260                RotTransPers4
 .text          0x00000000800252e0      0x290 C:/nolibgs_hello_worlds/psyq/lib\libgte.a(fgo_01.o)
                0x00000000800252e0                RotMatrix
 .text          0x0000000080025570       0x90 C:/nolibgs_hello_worlds/psyq/lib\libgte.a(msc00.o)
                0x0000000080025578                InitGeom
 .text          0x0000000080025600       0x30 C:/nolibgs_hello_worlds/psyq/lib\libgte.a(mtx_07.o)
                0x0000000080025600                TransMatrix
 .text          0x0000000080025630      0x140 C:/nolibgs_hello_worlds/psyq/lib\libgte.a(mtx_08.o)
                0x0000000080025630                ScaleMatrix
 .text          0x0000000080025770       0x30 C:/nolibgs_hello_worlds/psyq/lib\libgte.a(mtx_09.o)
                0x0000000080025770                SetRotMatrix
 .text          0x00000000800257a0       0x20 C:/nolibgs_hello_worlds/psyq/lib\libgte.a(mtx_12.o)
                0x00000000800257a0                SetTransMatrix
 .text          0x00000000800257c0       0xe0 C:/nolibgs_hello_worlds/psyq/lib\libgte.a(patchgte.o)
                0x00000000800257c0                _patch_gte
 .text          0x00000000800258a0       0x20 C:/nolibgs_hello_worlds/psyq/lib\libgte.a(reg12.o)
                0x00000000800258a0                SetGeomOffset
 .text          0x00000000800258c0       0x10 C:/nolibgs_hello_worlds/psyq/lib\libgte.a(reg13.o)
                0x00000000800258c0                SetGeomScreen
 .text          0x00000000800258d0       0x90 C:/nolibgs_hello_worlds/psyq/lib\libspu.a(s_gks.o)
                0x00000000800258d0                SpuGetKeyStatus
 .text          0x0000000080025960       0x20 C:/nolibgs_hello_worlds/psyq/lib\libspu.a(s_i.o)
                0x0000000080025960                SpuInit
 .text          0x0000000080025980      0x160 C:/nolibgs_hello_worlds/psyq/lib\libspu.a(s_ini.o)
                0x0000000080025980                _SpuInit
                0x0000000080025a68                SpuStart
 .text          0x0000000080025ae0       0xb0 C:/nolibgs_hello_worlds/psyq/lib\libspu.a(s_itc.o)
                0x0000000080025ae0                SpuIsTransferCompleted
 .text          0x0000000080025b90       0x60 C:/nolibgs_hello_worlds/psyq/lib\libspu.a(s_m_init.o)
                0x0000000080025b90                SpuInitMalloc
 .text          0x0000000080025bf0      0x2d0 C:/nolibgs_hello_worlds/psyq/lib\libspu.a(s_m_m.o)
                0x0000000080025bf0                SpuMalloc
 .text          0x0000000080025ec0      0x380 C:/nolibgs_hello_worlds/psyq/lib\libspu.a(s_sca.o)
                0x0000000080025ec0                SpuSetCommonAttr
 .text          0x0000000080026240      0x140 C:/nolibgs_hello_worlds/psyq/lib\libspu.a(s_si.o)
                0x0000000080026240                SpuSetIRQ
 .text          0x0000000080026380      0x1c0 C:/nolibgs_hello_worlds/psyq/lib\libspu.a(s_sk.o)
                0x0000000080026380                SpuSetKey
 .text          0x0000000080026540       0x30 C:/nolibgs_hello_worlds/psyq/lib\libspu.a(s_stm.o)
                0x0000000080026540                SpuSetTransferMode
 .text          0x0000000080026570       0x60 C:/nolibgs_hello_worlds/psyq/lib\libspu.a(s_stsa.o)
                0x0000000080026570                SpuSetTransferStartAddr
 .text          0x00000000800265d0      0x600 C:/nolibgs_hello_worlds/psyq/lib\libspu.a(s_sva.o)
                0x00000000800265d0                SpuSetVoiceAttr
 .text          0x0000000080026bd0       0x80 C:/nolibgs_hello_worlds/psyq/lib\libspu.a(s_svv.o)
                0x0000000080026bd0                SpuSetVoiceVolume
 .text          0x0000000080026c50       0x60 C:/nolibgs_hello_worlds/psyq/lib\libspu.a(s_w.o)
                0x0000000080026c50                SpuWrite
 .text          0x0000000080026cb0      0xb40 C:/nolibgs_hello_worlds/psyq/lib\libspu.a(spu.o)
                0x0000000080026cb0                _spu_init
                0x00000000800270f0                _spu_FiDMA
                0x00000000800271ac                _spu_Fr_
                0x0000000080027254                _spu_t
                0x00000000800274d4                _spu_Fw
                0x0000000080027558                _spu_Fr
                0x00000000800275bc                _spu_FsetRXX
                0x0000000080027600                _spu_FsetRXXa
                0x00000000800276a4                _spu_FgetRXXa
                0x00000000800276e0                _spu_FsetPCR
                0x0000000080027788                _spu_Fw1ts
 .text          0x00000000800277f0       0x30 C:/nolibgs_hello_worlds/psyq/lib\libspu.a(s_dcb.o)
                0x00000000800277f0                _SpuDataCallback
 .text          0x0000000080027820      0x300 C:/nolibgs_hello_worlds/psyq/lib\libspu.a(s_m_int.o)
                0x0000000080027820                _spu_gcSPU
 .text          0x0000000080027b20      0x200 C:/nolibgs_hello_worlds/psyq/lib\libspu.a(s_n2p.o)
                0x0000000080027b20                _spu_note2pitch
                0x0000000080027bf0                _spu_pitch2note
 .text          0x0000000080027d20      0x9a0 C:/nolibgs_hello_worlds/psyq/lib\libcd.a(cdr_1.o)
                0x0000000080028280                CdReadBreak
                0x0000000080028420                CdRead
                0x00000000800285bc                CdReadSync
 .text          0x00000000800286c0      0x150 C:/nolibgs_hello_worlds/psyq/lib\libcd.a(event.o)
                0x00000000800286c0                CdInit
 .text          0x0000000080028810      0x970 C:/nolibgs_hello_worlds/psyq/lib\libcd.a(iso9660.o)
                0x0000000080028810                CdSearchFile
 .text          0x0000000080029180      0x110 C:/nolibgs_hello_worlds/psyq/lib\libcd.a(s_002.o)
                0x0000000080029180                CdIntToPos
 .text          0x0000000080029290       0x10 C:/nolibgs_hello_worlds/psyq/lib\libcd.a(s_003.o)
                0x0000000080029290                CdStatus
 .text          0x00000000800292a0       0x10 C:/nolibgs_hello_worlds/psyq/lib\libcd.a(s_004.o)
                0x00000000800292a0                CdMode
 .text          0x00000000800292b0       0x10 C:/nolibgs_hello_worlds/psyq/lib\libcd.a(s_006.o)
                0x00000000800292b0                CdLastPos
 .text          0x00000000800292c0       0x20 C:/nolibgs_hello_worlds/psyq/lib\libcd.a(s_008.o)
                0x00000000800292c0                CdFlush
 .text          0x00000000800292e0       0x20 C:/nolibgs_hello_worlds/psyq/lib\libcd.a(s_013.o)
                0x00000000800292e0                CdReady
 .text          0x0000000080029300       0x20 C:/nolibgs_hello_worlds/psyq/lib\libcd.a(s_014.o)
                0x0000000080029300                CdSyncCallback
 .text          0x0000000080029320       0x20 C:/nolibgs_hello_worlds/psyq/lib\libcd.a(s_015.o)
                0x0000000080029320                CdReadyCallback
 .text          0x0000000080029340      0x3c0 C:/nolibgs_hello_worlds/psyq/lib\libcd.a(s_016.o)
                0x0000000080029340                CdControl
                0x000000008002947c                CdControlF
                0x00000000800295b0                CdControlB
 .text          0x0000000080029700       0x20 C:/nolibgs_hello_worlds/psyq/lib\libcd.a(s_021.o)
                0x0000000080029700                CdGetSector
 .text          0x0000000080029720       0x20 C:/nolibgs_hello_worlds/psyq/lib\libcd.a(s_022.o)
                0x0000000080029720                CdGetSector2
 .text          0x0000000080029740       0x30 C:/nolibgs_hello_worlds/psyq/lib\libcd.a(s_023.o)
                0x0000000080029740                CdDataCallback
 .text          0x0000000080029770       0x20 C:/nolibgs_hello_worlds/psyq/lib\libcd.a(s_024.o)
                0x0000000080029770                CdDataSync
 .text          0x0000000080029790       0x80 C:/nolibgs_hello_worlds/psyq/lib\libcd.a(sys.o)
                0x0000000080029790                CdPosToInt
 .text          0x0000000080029810     0x1580 C:/nolibgs_hello_worlds/psyq/lib\libcd.a(bios_1.o)
                0x0000000080029d74                CD_sync
                0x0000000080029ff4                CD_ready
                0x000000008002a2bc                CD_cw
                0x000000008002a6c8                CD_vol
                0x000000008002a750                CD_flush
                0x000000008002a824                CD_initvol
                0x000000008002a914                CD_initintr
                0x000000008002a960                CD_init
                0x000000008002ab40                CD_datasync
                0x000000008002aca8                CD_set_test_parmnum
 .text          0x000000008002ad90      0x100 C:/nolibgs_hello_worlds/psyq/lib\libcd.a(bios_2.o)
                0x000000008002ad90                CD_getsector
 .text          0x000000008002ae90       0xf0 C:/nolibgs_hello_worlds/psyq/lib\libcd.a(bios_3.o)
                0x000000008002ae90                CD_getsector2
 .text          0x000000008002af80       0x10 C:/nolibgs_hello_worlds/psyq/lib\libapi.a(a07.o)
                0x000000008002af80                DeliverEvent
 .text          0x000000008002af90       0x10 C:/nolibgs_hello_worlds/psyq/lib\libapi.a(a08.o)
                0x000000008002af90                OpenEvent
 .text          0x000000008002afa0       0x10 C:/nolibgs_hello_worlds/psyq/lib\libapi.a(a11.o)
                0x000000008002afa0                TestEvent
 .text          0x000000008002afb0       0x10 C:/nolibgs_hello_worlds/psyq/lib\libapi.a(a12.o)
                0x000000008002afb0                EnableEvent
 .text          0x000000008002afc0       0x10 C:/nolibgs_hello_worlds/psyq/lib\libapi.a(a22.o)
                0x000000008002afc0                PAD_dr
 .text          0x000000008002afd0       0x10 C:/nolibgs_hello_worlds/psyq/lib\libapi.a(a23.o)
                0x000000008002afd0                ReturnFromException
 .text          0x000000008002afe0       0x10 C:/nolibgs_hello_worlds/psyq/lib\libapi.a(a24.o)
                0x000000008002afe0                ResetEntryInt
 .text          0x000000008002aff0       0x10 C:/nolibgs_hello_worlds/psyq/lib\libapi.a(a25.o)
                0x000000008002aff0                HookEntryInt
 .text          0x000000008002b000       0x10 C:/nolibgs_hello_worlds/psyq/lib\libapi.a(a36.o)
                0x000000008002b000                EnterCriticalSection
 .text          0x000000008002b010       0x10 C:/nolibgs_hello_worlds/psyq/lib\libapi.a(a37.o)
                0x000000008002b010                ExitCriticalSection
 .text          0x000000008002b020       0x10 C:/nolibgs_hello_worlds/psyq/lib\libapi.a(a91.o)
                0x000000008002b020                ChangeClearPAD
 .text          0x000000008002b030       0x20 C:/nolibgs_hello_worlds/psyq/lib\libapi.a(c114.o)
                0x000000008002b038                _96_remove
 .text          0x000000008002b050       0x10 C:/nolibgs_hello_worlds/psyq/lib\libapi.a(c68.o)
                0x000000008002b050                FlushCache
 .text          0x000000008002b060       0x10 C:/nolibgs_hello_worlds/psyq/lib\libapi.a(c73.o)
                0x000000008002b060                GPU_cw
 .text          0x000000008002b070       0x10 C:/nolibgs_hello_worlds/psyq/lib\libapi.a(l10.o)
                0x000000008002b070                ChangeClearRCnt
 .text          0x000000008002b080      0x290 C:/nolibgs_hello_worlds/psyq/lib\libapi.a(pad.o)
                0x000000008002b080                SetInitPadFlag
                0x000000008002b08c                ReadInitPadFlag
                0x000000008002b09c                PAD_init
                0x000000008002b12c                InitPAD
                0x000000008002b1bc                StartPAD
 .text          0x000000008002b310       0xa0 C:/nolibgs_hello_worlds/psyq/lib\libapi.a(patch.o)
                0x000000008002b310                EnablePAD
                0x000000008002b324                DisablePAD
                0x000000008002b338                _patch_pad
 .text          0x000000008002b3b0       0x10 C:/nolibgs_hello_worlds/psyq/lib\libapi.a(a18.o)
                0x000000008002b3b0                InitPAD2
 .text          0x000000008002b3c0       0x10 C:/nolibgs_hello_worlds/psyq/lib\libapi.a(a19.o)
                0x000000008002b3c0                StartPAD2
 .text          0x000000008002b3d0       0x10 C:/nolibgs_hello_worlds/psyq/lib\libapi.a(a21.o)
                0x000000008002b3d0                PAD_init2
 .text          0x000000008002b3e0       0x70 C:/nolibgs_hello_worlds/psyq/lib\libapi.a(chclrpad.o)
                0x000000008002b3e0                _remove_ChgclrPAD
 .text          0x000000008002b450       0x10 C:/nolibgs_hello_worlds/psyq/lib\libapi.a(l02.o)
                0x000000008002b450                SysEnqIntRP
 .text          0x000000008002b460       0x10 C:/nolibgs_hello_worlds/psyq/lib\libapi.a(l03.o)
                0x000000008002b460                SysDeqIntRP
 .text          0x000000008002b470       0x20 C:/nolibgs_hello_worlds/psyq/lib\libc.a(a63.o)
                0x000000008002b478                puts
 .text          0x000000008002b490       0x10 C:/nolibgs_hello_worlds/psyq/lib\libc.a(c19.o)
                0x000000008002b490                setjmp
 .text          0x000000008002b4a0       0x10 C:/nolibgs_hello_worlds/psyq/lib\libc.a(c23.o)
                0x000000008002b4a0                strcmp
 .text          0x000000008002b4b0       0x10 C:/nolibgs_hello_worlds/psyq/lib\libc.a(c24.o)
                0x000000008002b4b0                strncmp
 .text          0x000000008002b4c0       0x10 C:/nolibgs_hello_worlds/psyq/lib\libc.a(c27.o)
                0x000000008002b4c0                strlen
 .text          0x000000008002b4d0       0x10 C:/nolibgs_hello_worlds/psyq/lib\libc.a(c42.o)
                0x000000008002b4d0                memcpy
 .text          0x000000008002b4e0       0x10 C:/nolibgs_hello_worlds/psyq/lib\libc.a(c43.o)
                0x000000008002b4e0                memset
 .text          0x000000008002b4f0       0x10 C:/nolibgs_hello_worlds/psyq/lib\libc.a(c63.o)
                0x000000008002b4f0                printf
 .text          0x000000008002b500       0x30 C:/nolibgs_hello_worlds/psyq/lib\libetc.a(vmode.o)
                0x000000008002b500                SetVideoMode
                0x000000008002b514                GetVideoMode
                0x000000008002b530                . = ALIGN (0x10)
 *(.init)
                0x000000008002b530                . = ALIGN (0x10)
 *(.fini)
                0x000000008002b530                . = ALIGN (0x10)
                0x000000008002b530                __text_end = .
                0x000000008002b530                __ftext_end = ABSOLUTE (.)
                0x000000008002b530                __fdata_start = ABSOLUTE (.)

.rodata         0x000000008002b530   0x16d710
 *(.rodata .rodata.* .rdata .rdata.* .gnu.linkonce.r.*)
 .rodata        0x000000008002b530       0x30 fnaf2.o
 .rodata.str1.4
                0x000000008002b560     0x1019 fnaf2.o
                                       0x101d (size before relaxing)
 *fill*         0x000000008002c579        0x3 
 .rodata        0x000000008002c57c     0x5269 tim/oLEFTpart2.o
                0x000000008002c57c                _binary_tim_oLEFTpart2_tim_start
                0x00000000800317e5                _binary_tim_oLEFTpart2_tim_end
 *fill*         0x00000000800317e5        0x3 
 .rodata        0x00000000800317e8     0x5269 tim/oLEFTpart2light.o
                0x00000000800317e8                _binary_tim_oLEFTpart2light_tim_start
                0x0000000080036a51                _binary_tim_oLEFTpart2light_tim_end
 *fill*         0x0000000080036a51        0x3 
 .rodata        0x0000000080036a54     0x1e76 tim/officeLEFTlighttoychica.o
                0x0000000080036a54                _binary_tim_officeLEFTlighttoychica_tim_start
                0x00000000800388ca                _binary_tim_officeLEFTlighttoychica_tim_end
 *fill*         0x00000000800388ca        0x2 
 .rodata        0x00000000800388cc     0xdc89 tim/officeMIDDLE.o
                0x00000000800388cc                _binary_tim_officeMIDDLE_tim_start
                0x0000000080046555                _binary_tim_officeMIDDLE_tim_end
 *fill*         0x0000000080046555        0x3 
 .rodata        0x0000000080046558     0xdc89 tim/officeMIDDLElight.o
                0x0000000080046558                _binary_tim_officeMIDDLElight_tim_start
                0x00000000800541e1                _binary_tim_officeMIDDLElight_tim_end
 *fill*         0x00000000800541e1        0x3 
 .rodata        0x00000000800541e4     0x5f55 tim/oRIGHTpart2.o
                0x00000000800541e4                _binary_tim_oRIGHTpart2_tim_start
                0x000000008005a139                _binary_tim_oRIGHTpart2_tim_end
 *fill*         0x000000008005a139        0x3 
 .rodata        0x000000008005a13c     0x5f55 tim/oRIGHTpart2light.o
                0x000000008005a13c                _binary_tim_oRIGHTpart2light_tim_start
                0x0000000080060091                _binary_tim_oRIGHTpart2light_tim_end
 *fill*         0x0000000080060091        0x3 
 .rodata        0x0000000080060094     0x1e76 tim/officeRIGHTlighttoybonnie.o
                0x0000000080060094                _binary_tim_officeRIGHTlighttoybonnie_tim_start
                0x0000000080061f0a                _binary_tim_officeRIGHTlighttoybonnie_tim_end
 *fill*         0x0000000080061f0a        0x2 
 .rodata        0x0000000080061f0c     0x1e76 tim/officeRIGHTlightmangle.o
                0x0000000080061f0c                _binary_tim_officeRIGHTlightmangle_tim_start
                0x0000000080063d82                _binary_tim_officeRIGHTlightmangle_tim_end
 *fill*         0x0000000080063d82        0x2 
 .rodata        0x0000000080063d84     0x18dc tim/FAM.o
                0x0000000080063d84                _binary_tim_FAM_tim_start
                0x0000000080065660                _binary_tim_FAM_tim_end
 .rodata        0x0000000080065660      0xc98 tim/load.o
                0x0000000080065660                _binary_tim_load_tim_start
                0x00000000800662f8                _binary_tim_load_tim_end
 .rodata        0x00000000800662f8     0xecd8 tim/GJFIV.o
                0x00000000800662f8                _binary_tim_GJFIV_tim_start
                0x0000000080074fd0                _binary_tim_GJFIV_tim_end
 .rodata        0x0000000080074fd0     0xecd8 tim/GJSEV.o
                0x0000000080074fd0                _binary_tim_GJSEV_tim_start
                0x0000000080083ca8                _binary_tim_GJSEV_tim_end
 .rodata        0x0000000080083ca8     0xecd8 tim/GJSIX.o
                0x0000000080083ca8                _binary_tim_GJSIX_tim_start
                0x0000000080092980                _binary_tim_GJSIX_tim_end
 .rodata        0x0000000080092980     0x697c tim/jumpC.o
                0x0000000080092980                _binary_tim_jumpC_tim_start
                0x00000000800992fc                _binary_tim_jumpC_tim_end
 .rodata        0x00000000800992fc     0x697c tim/jumpC2.o
                0x00000000800992fc                _binary_tim_jumpC2_tim_start
                0x000000008009fc78                _binary_tim_jumpC2_tim_end
 .rodata        0x000000008009fc78     0x697c tim/jumpC3.o
                0x000000008009fc78                _binary_tim_jumpC3_tim_start
                0x00000000800a65f4                _binary_tim_jumpC3_tim_end
 .rodata        0x00000000800a65f4     0x33e4 tim/jumpB.o
                0x00000000800a65f4                _binary_tim_jumpB_tim_start
                0x00000000800a99d8                _binary_tim_jumpB_tim_end
 .rodata        0x00000000800a99d8     0x3cfe tim/jumpB2.o
                0x00000000800a99d8                _binary_tim_jumpB2_tim_start
                0x00000000800ad6d6                _binary_tim_jumpB2_tim_end
 *fill*         0x00000000800ad6d6        0x2 
 .rodata        0x00000000800ad6d8     0x4eda tim/jumpB3.o
                0x00000000800ad6d8                _binary_tim_jumpB3_tim_start
                0x00000000800b25b2                _binary_tim_jumpB3_tim_end
 *fill*         0x00000000800b25b2        0x2 
 .rodata        0x00000000800b25b4     0x5720 tim/jumpB4.o
                0x00000000800b25b4                _binary_tim_jumpB4_tim_start
                0x00000000800b7cd4                _binary_tim_jumpB4_tim_end
 .rodata        0x00000000800b7cd4     0x5d0b tim/jumpB5.o
                0x00000000800b7cd4                _binary_tim_jumpB5_tim_start
                0x00000000800bd9df                _binary_tim_jumpB5_tim_end
 *fill*         0x00000000800bd9df        0x1 
 .rodata        0x00000000800bd9e0     0x1020 tim/jumpF0.o
                0x00000000800bd9e0                _binary_tim_jumpF0_tim_start
                0x00000000800bea00                _binary_tim_jumpF0_tim_end
 .rodata        0x00000000800bea00     0x2af1 tim/jumpF1.o
                0x00000000800bea00                _binary_tim_jumpF1_tim_start
                0x00000000800c14f1                _binary_tim_jumpF1_tim_end
 *fill*         0x00000000800c14f1        0x3 
 .rodata        0x00000000800c14f4     0x3d20 tim/jumpF2.o
                0x00000000800c14f4                _binary_tim_jumpF2_tim_start
                0x00000000800c5214                _binary_tim_jumpF2_tim_end
 .rodata        0x00000000800c5214     0x5720 tim/jumpF3.o
                0x00000000800c5214                _binary_tim_jumpF3_tim_start
                0x00000000800ca934                _binary_tim_jumpF3_tim_end
 .rodata        0x00000000800ca934     0x5720 tim/jumpF4.o
                0x00000000800ca934                _binary_tim_jumpF4_tim_start
                0x00000000800d0054                _binary_tim_jumpF4_tim_end
 .rodata        0x00000000800d0054     0x5720 tim/jumpF5.o
                0x00000000800d0054                _binary_tim_jumpF5_tim_start
                0x00000000800d5774                _binary_tim_jumpF5_tim_end
 .rodata        0x00000000800d5774      0x778 tim/jumpP1.o
                0x00000000800d5774                _binary_tim_jumpP1_tim_start
                0x00000000800d5eec                _binary_tim_jumpP1_tim_end
 .rodata        0x00000000800d5eec     0x212e tim/jumpP2.o
                0x00000000800d5eec                _binary_tim_jumpP2_tim_start
                0x00000000800d801a                _binary_tim_jumpP2_tim_end
 *fill*         0x00000000800d801a        0x2 
 .rodata        0x00000000800d801c     0x5cf8 tim/jumpP3.o
                0x00000000800d801c                _binary_tim_jumpP3_tim_start
                0x00000000800ddd14                _binary_tim_jumpP3_tim_end
 .rodata        0x00000000800ddd14     0x5289 tim/jumpP4.o
                0x00000000800ddd14                _binary_tim_jumpP4_tim_start
                0x00000000800e2f9d                _binary_tim_jumpP4_tim_end
 *fill*         0x00000000800e2f9d        0x3 
 .rodata        0x00000000800e2fa0     0x5289 tim/jumpP5.o
                0x00000000800e2fa0                _binary_tim_jumpP5_tim_start
                0x00000000800e8229                _binary_tim_jumpP5_tim_end
 *fill*         0x00000000800e8229        0x3 
 .rodata        0x00000000800e822c     0x32b0 tim/TBjump1.o
                0x00000000800e822c                _binary_tim_TBjump1_tim_start
                0x00000000800eb4dc                _binary_tim_TBjump1_tim_end
 .rodata        0x00000000800eb4dc     0x2ea8 tim/TBjump2.o
                0x00000000800eb4dc                _binary_tim_TBjump2_tim_start
                0x00000000800ee384                _binary_tim_TBjump2_tim_end
 .rodata        0x00000000800ee384     0x42f8 tim/TBjump3.o
                0x00000000800ee384                _binary_tim_TBjump3_tim_start
                0x00000000800f267c                _binary_tim_TBjump3_tim_end
 .rodata        0x00000000800f267c      0xc52 tim/jumpTF1.o
                0x00000000800f267c                _binary_tim_jumpTF1_tim_start
                0x00000000800f32ce                _binary_tim_jumpTF1_tim_end
 *fill*         0x00000000800f32ce        0x2 
 .rodata        0x00000000800f32d0     0x1b34 tim/jumpFO.o
                0x00000000800f32d0                _binary_tim_jumpFO_tim_start
                0x00000000800f4e04                _binary_tim_jumpFO_tim_end
 .rodata        0x00000000800f4e04     0x2638 tim/jumpFO2.o
                0x00000000800f4e04                _binary_tim_jumpFO2_tim_start
                0x00000000800f743c                _binary_tim_jumpFO2_tim_end
 .rodata        0x00000000800f743c     0x461f tim/jumpFO3.o
                0x00000000800f743c                _binary_tim_jumpFO3_tim_start
                0x00000000800fba5b                _binary_tim_jumpFO3_tim_end
 *fill*         0x00000000800fba5b        0x1 
 .rodata        0x00000000800fba5c     0x6c8c tim/jumpFO4.o
                0x00000000800fba5c                _binary_tim_jumpFO4_tim_start
                0x00000000801026e8                _binary_tim_jumpFO4_tim_end
 .rodata        0x00000000801026e8     0x7370 tim/jumpFO5.o
                0x00000000801026e8                _binary_tim_jumpFO5_tim_start
                0x0000000080109a58                _binary_tim_jumpFO5_tim_end
 .rodata        0x0000000080109a58     0x346c tim/static1.o
                0x0000000080109a58                _binary_tim_static1_tim_start
                0x000000008010cec4                _binary_tim_static1_tim_end
 .rodata        0x000000008010cec4      0x5aa tim/5AM1.o
                0x000000008010cec4                _binary_tim_5AM1_tim_start
                0x000000008010d46e                _binary_tim_5AM1_tim_end
 *fill*         0x000000008010d46e        0x2 
 .rodata        0x000000008010d470      0x5aa tim/5AM2.o
                0x000000008010d470                _binary_tim_5AM2_tim_start
                0x000000008010da1a                _binary_tim_5AM2_tim_end
 *fill*         0x000000008010da1a        0x2 
 .rodata        0x000000008010da1c      0x5aa tim/5AM3.o
                0x000000008010da1c                _binary_tim_5AM3_tim_start
                0x000000008010dfc6                _binary_tim_5AM3_tim_end
 *fill*         0x000000008010dfc6        0x2 
 .rodata        0x000000008010dfc8      0x5aa tim/5AM4.o
                0x000000008010dfc8                _binary_tim_5AM4_tim_start
                0x000000008010e572                _binary_tim_5AM4_tim_end
 *fill*         0x000000008010e572        0x2 
 .rodata        0x000000008010e574      0x5aa tim/5AM5.o
                0x000000008010e574                _binary_tim_5AM5_tim_start
                0x000000008010eb1e                _binary_tim_5AM5_tim_end
 *fill*         0x000000008010eb1e        0x2 
 .rodata        0x000000008010eb20      0x5aa tim/6AM1.o
                0x000000008010eb20                _binary_tim_6AM1_tim_start
                0x000000008010f0ca                _binary_tim_6AM1_tim_end
 *fill*         0x000000008010f0ca        0x2 
 .rodata        0x000000008010f0cc      0x5aa tim/6AM2.o
                0x000000008010f0cc                _binary_tim_6AM2_tim_start
                0x000000008010f676                _binary_tim_6AM2_tim_end
 *fill*         0x000000008010f676        0x2 
 .rodata        0x000000008010f678      0x5aa tim/6AM3.o
                0x000000008010f678                _binary_tim_6AM3_tim_start
                0x000000008010fc22                _binary_tim_6AM3_tim_end
 *fill*         0x000000008010fc22        0x2 
 .rodata        0x000000008010fc24      0x5aa tim/6AM4.o
                0x000000008010fc24                _binary_tim_6AM4_tim_start
                0x00000000801101ce                _binary_tim_6AM4_tim_end
 *fill*         0x00000000801101ce        0x2 
 .rodata        0x00000000801101d0      0x5aa tim/6AM5.o
                0x00000000801101d0                _binary_tim_6AM5_tim_start
                0x000000008011077a                _binary_tim_6AM5_tim_end
 *fill*         0x000000008011077a        0x2 
 .rodata        0x000000008011077c      0x5aa tim/6AM6.o
                0x000000008011077c                _binary_tim_6AM6_tim_start
                0x0000000080110d26                _binary_tim_6AM6_tim_end
 *fill*         0x0000000080110d26        0x2 
 .rodata        0x0000000080110d28     0x2b1e tim/fan1.o
                0x0000000080110d28                _binary_tim_fan1_tim_start
                0x0000000080113846                _binary_tim_fan1_tim_end
 *fill*         0x0000000080113846        0x2 
 .rodata        0x0000000080113848     0x2b1e tim/fan2.o
                0x0000000080113848                _binary_tim_fan2_tim_start
                0x0000000080116366                _binary_tim_fan2_tim_end
 *fill*         0x0000000080116366        0x2 
 .rodata        0x0000000080116368     0x2b1e tim/fan3.o
                0x0000000080116368                _binary_tim_fan3_tim_start
                0x0000000080118e86                _binary_tim_fan3_tim_end
 *fill*         0x0000000080118e86        0x2 
 .rodata        0x0000000080118e88     0x2b1e tim/fan4.o
                0x0000000080118e88                _binary_tim_fan4_tim_start
                0x000000008011b9a6                _binary_tim_fan4_tim_end
 *fill*         0x000000008011b9a6        0x2 
 .rodata        0x000000008011b9a8      0x628 tim/timer0.o
                0x000000008011b9a8                _binary_tim_timer0_tim_start
                0x000000008011bfd0                _binary_tim_timer0_tim_end
 .rodata        0x000000008011bfd0      0x628 tim/timer1.o
                0x000000008011bfd0                _binary_tim_timer1_tim_start
                0x000000008011c5f8                _binary_tim_timer1_tim_end
 .rodata        0x000000008011c5f8      0x628 tim/timer2.o
                0x000000008011c5f8                _binary_tim_timer2_tim_start
                0x000000008011cc20                _binary_tim_timer2_tim_end
 .rodata        0x000000008011cc20      0x628 tim/timer3.o
                0x000000008011cc20                _binary_tim_timer3_tim_start
                0x000000008011d248                _binary_tim_timer3_tim_end
 .rodata        0x000000008011d248      0x628 tim/timer4.o
                0x000000008011d248                _binary_tim_timer4_tim_start
                0x000000008011d870                _binary_tim_timer4_tim_end
 .rodata        0x000000008011d870      0x628 tim/timer5.o
                0x000000008011d870                _binary_tim_timer5_tim_start
                0x000000008011de98                _binary_tim_timer5_tim_end
 .rodata        0x000000008011de98      0x628 tim/timer6.o
                0x000000008011de98                _binary_tim_timer6_tim_start
                0x000000008011e4c0                _binary_tim_timer6_tim_end
 .rodata        0x000000008011e4c0      0x628 tim/timer7.o
                0x000000008011e4c0                _binary_tim_timer7_tim_start
                0x000000008011eae8                _binary_tim_timer7_tim_end
 .rodata        0x000000008011eae8      0x628 tim/timer8.o
                0x000000008011eae8                _binary_tim_timer8_tim_start
                0x000000008011f110                _binary_tim_timer8_tim_end
 .rodata        0x000000008011f110      0x628 tim/timer9.o
                0x000000008011f110                _binary_tim_timer9_tim_start
                0x000000008011f738                _binary_tim_timer9_tim_end
 .rodata        0x000000008011f738      0x628 tim/timer10.o
                0x000000008011f738                _binary_tim_timer10_tim_start
                0x000000008011fd60                _binary_tim_timer10_tim_end
 .rodata        0x000000008011fd60      0x628 tim/timer11.o
                0x000000008011fd60                _binary_tim_timer11_tim_start
                0x0000000080120388                _binary_tim_timer11_tim_end
 .rodata        0x0000000080120388      0x628 tim/timer12.o
                0x0000000080120388                _binary_tim_timer12_tim_start
                0x00000000801209b0                _binary_tim_timer12_tim_end
 .rodata        0x00000000801209b0      0x628 tim/timer13.o
                0x00000000801209b0                _binary_tim_timer13_tim_start
                0x0000000080120fd8                _binary_tim_timer13_tim_end
 .rodata        0x0000000080120fd8      0x628 tim/timer14.o
                0x0000000080120fd8                _binary_tim_timer14_tim_start
                0x0000000080121600                _binary_tim_timer14_tim_end
 .rodata        0x0000000080121600      0x628 tim/timer15.o
                0x0000000080121600                _binary_tim_timer15_tim_start
                0x0000000080121c28                _binary_tim_timer15_tim_end
 .rodata        0x0000000080121c28      0x628 tim/timer16.o
                0x0000000080121c28                _binary_tim_timer16_tim_start
                0x0000000080122250                _binary_tim_timer16_tim_end
 .rodata        0x0000000080122250      0x628 tim/timer17.o
                0x0000000080122250                _binary_tim_timer17_tim_start
                0x0000000080122878                _binary_tim_timer17_tim_end
 .rodata        0x0000000080122878      0x628 tim/timer18.o
                0x0000000080122878                _binary_tim_timer18_tim_start
                0x0000000080122ea0                _binary_tim_timer18_tim_end
 .rodata        0x0000000080122ea0      0x628 tim/timer19.o
                0x0000000080122ea0                _binary_tim_timer19_tim_start
                0x00000000801234c8                _binary_tim_timer19_tim_end
 .rodata        0x00000000801234c8      0x628 tim/timer20.o
                0x00000000801234c8                _binary_tim_timer20_tim_start
                0x0000000080123af0                _binary_tim_timer20_tim_end
 .rodata        0x0000000080123af0     0x1d40 tim/toychicahallway.o
                0x0000000080123af0                _binary_tim_toychicahallway_tim_start
                0x0000000080125830                _binary_tim_toychicahallway_tim_end
 .rodata        0x0000000080125830     0x1202 tim/foxyhallway.o
                0x0000000080125830                _binary_tim_foxyhallway_tim_start
                0x0000000080126a32                _binary_tim_foxyhallway_tim_end
 *fill*         0x0000000080126a32        0x2 
 .rodata        0x0000000080126a34     0x32a9 tim/freddyhallway.o
                0x0000000080126a34                _binary_tim_freddyhallway_tim_start
                0x0000000080129cdd                _binary_tim_freddyhallway_tim_end
 *fill*         0x0000000080129cdd        0x3 
 .rodata        0x0000000080129ce0     0x1c7e tim/toyfreddyhallway.o
                0x0000000080129ce0                _binary_tim_toyfreddyhallway_tim_start
                0x000000008012b95e                _binary_tim_toyfreddyhallway_tim_end
 *fill*         0x000000008012b95e        0x2 
 .rodata        0x000000008012b960     0x1b3a tim/bonniehallway.o
                0x000000008012b960                _binary_tim_bonniehallway_tim_start
                0x000000008012d49a                _binary_tim_bonniehallway_tim_end
 *fill*         0x000000008012d49a        0x2 
 .rodata        0x000000008012d49c     0x4a64 tim/officeFREDDY.o
                0x000000008012d49c                _binary_tim_officeFREDDY_tim_start
                0x0000000080131f00                _binary_tim_officeFREDDY_tim_end
 .rodata        0x0000000080131f00     0x3a34 tim/officeBONNIE.o
                0x0000000080131f00                _binary_tim_officeBONNIE_tim_start
                0x0000000080135934                _binary_tim_officeBONNIE_tim_end
 .rodata        0x0000000080135934     0x80bc tim/officeCHICA.o
                0x0000000080135934                _binary_tim_officeCHICA_tim_start
                0x000000008013d9f0                _binary_tim_officeCHICA_tim_end
 .rodata        0x000000008013d9f0     0x4a64 tim/officeTOYFREDDY.o
                0x000000008013d9f0                _binary_tim_officeTOYFREDDY_tim_start
                0x0000000080142454                _binary_tim_officeTOYFREDDY_tim_end
 .rodata        0x0000000080142454     0x3ffc tim/officeTOYBONNIE.o
                0x0000000080142454                _binary_tim_officeTOYBONNIE_tim_start
                0x0000000080146450                _binary_tim_officeTOYBONNIE_tim_end
 .rodata        0x0000000080146450      0x7c2 tim/mutecall.o
                0x0000000080146450                _binary_tim_mutecall_tim_start
                0x0000000080146c12                _binary_tim_mutecall_tim_end
 *fill*         0x0000000080146c12        0x2 
 .rodata        0x0000000080146c14     0x4ab0 tim/manglehanging.o
                0x0000000080146c14                _binary_tim_manglehanging_tim_start
                0x000000008014b6c4                _binary_tim_manglehanging_tim_end
 .rodata        0x000000008014b6c4      0x630 vag/light.o
                0x000000008014b6c4                _binary_vag_light_vag_start
                0x000000008014bcf4                _binary_vag_light_vag_end
 .rodata        0x000000008014bcf4     0x25e0 vag/monitor_down.o
                0x000000008014bcf4                _binary_vag_monitor_down_vag_start
                0x000000008014e2d4                _binary_vag_monitor_down_vag_end
 .rodata        0x000000008014e2d4     0x17b0 vag/monitor_up.o
                0x000000008014e2d4                _binary_vag_monitor_up_vag_start
                0x000000008014fa84                _binary_vag_monitor_up_vag_end
 .rodata        0x000000008014fa84     0x5650 vag/mask-down.o
                0x000000008014fa84                _binary_vag_mask_down_vag_start
                0x00000000801550d4                _binary_vag_mask_down_vag_end
 .rodata        0x00000000801550d4     0xb0c0 vag/mask-up.o
                0x00000000801550d4                _binary_vag_mask_up_vag_start
                0x0000000080160194                _binary_vag_mask_up_vag_end
 .rodata        0x0000000080160194     0x9520 vag/officesound.o
                0x0000000080160194                _binary_vag_officesound_vag_start
                0x00000000801696b4                _binary_vag_officesound_vag_end
 .rodata        0x00000000801696b4     0x1db0 vag/click.o
                0x00000000801696b4                _binary_vag_click_vag_start
                0x000000008016b464                _binary_vag_click_vag_end
 .rodata        0x000000008016b464     0x42b0 vag/screamer.o
                0x000000008016b464                _binary_vag_screamer_vag_start
                0x000000008016f714                _binary_vag_screamer_vag_end
 .rodata        0x000000008016f714     0x2410 vag/honk.o
                0x000000008016f714                _binary_vag_honk_vag_start
                0x0000000080171b24                _binary_vag_honk_vag_end
 .rodata        0x0000000080171b24      0x7b0 vag/jamlight.o
                0x0000000080171b24                _binary_vag_jamlight_vag_start
                0x00000000801722d4                _binary_vag_jamlight_vag_end
 .rodata        0x00000000801722d4      0x580 vag/coin.o
                0x00000000801722d4                _binary_vag_coin_vag_start
                0x0000000080172854                _binary_vag_coin_vag_end
 .rodata        0x0000000080172854     0x2760 vag/vent1.o
                0x0000000080172854                _binary_vag_vent1_vag_start
                0x0000000080174fb4                _binary_vag_vent1_vag_end
 .rodata        0x0000000080174fb4     0x2a50 vag/vent2.o
                0x0000000080174fb4                _binary_vag_vent2_vag_start
                0x0000000080177a04                _binary_vag_vent2_vag_end
 .rodata        0x0000000080177a04    0x12ca0 vag/alarm.o
                0x0000000080177a04                _binary_vag_alarm_vag_start
                0x000000008018a6a4                _binary_vag_alarm_vag_end
 .rodata        0x000000008018a6a4     0x1c40 vag/windup.o
                0x000000008018a6a4                _binary_vag_windup_vag_start
                0x000000008018c2e4                _binary_vag_windup_vag_end
 .rodata        0x000000008018c2e4     0x32b0 vag/BB1.o
                0x000000008018c2e4                _binary_vag_BB1_vag_start
                0x000000008018f594                _binary_vag_BB1_vag_end
 .rodata        0x000000008018f594     0x3130 vag/BB2.o
                0x000000008018f594                _binary_vag_BB2_vag_start
                0x00000000801926c4                _binary_vag_BB2_vag_end
 .rodata        0x00000000801926c4     0x4eb0 vag/BB3.o
                0x00000000801926c4                _binary_vag_BB3_vag_start
                0x0000000080197574                _binary_vag_BB3_vag_end
 .rodata        0x0000000080197574      0xd50 vag/clickfail.o
                0x0000000080197574                _binary_vag_clickfail_vag_start
                0x00000000801982c4                _binary_vag_clickfail_vag_end
 .rodata        0x00000000801982c4       0x10 C:/nolibgs_hello_worlds/thirdparty/nugget/common/crt0/crt0.o
 *fill*         0x00000000801982d4        0x4 
 .rdata         0x00000000801982d8       0x70 C:/nolibgs_hello_worlds/psyq/lib\libetc.a(intr.o)
 .rdata         0x0000000080198348       0x30 C:/nolibgs_hello_worlds/psyq/lib\libetc.a(intr_dma.o)
 .rdata         0x0000000080198378       0x10 C:/nolibgs_hello_worlds/psyq/lib\libetc.a(vsync.o)
 .rdata         0x0000000080198388       0xa0 C:/nolibgs_hello_worlds/psyq/lib\libgpu.a(font.o)
 .rdata         0x0000000080198428      0x220 C:/nolibgs_hello_worlds/psyq/lib\libgpu.a(sys.o)
 .rdata         0x0000000080198648       0x30 C:/nolibgs_hello_worlds/psyq/lib\libgpu.a(t00.o)
 .rdata         0x0000000080198678       0x40 C:/nolibgs_hello_worlds/psyq/lib\libspu.a(s_sca.o)
 .rdata         0x00000000801986b8       0x30 C:/nolibgs_hello_worlds/psyq/lib\libspu.a(s_si.o)
 .rdata         0x00000000801986e8       0x40 C:/nolibgs_hello_worlds/psyq/lib\libspu.a(s_sva.o)
 .rdata         0x0000000080198728       0x50 C:/nolibgs_hello_worlds/psyq/lib\libspu.a(spu.o)
 .rdata         0x0000000080198778       0x50 C:/nolibgs_hello_worlds/psyq/lib\libcd.a(cdr_1.o)
 .rdata         0x00000000801987c8       0x20 C:/nolibgs_hello_worlds/psyq/lib\libcd.a(event.o)
 .rdata         0x00000000801987e8      0x1f0 C:/nolibgs_hello_worlds/psyq/lib\libcd.a(iso9660.o)
 .rdata         0x00000000801989d8      0x260 C:/nolibgs_hello_worlds/psyq/lib\libcd.a(bios_1.o)
                0x0000000080198c40                . = ALIGN (0x10)
 *fill*         0x0000000080198c38        0x8 
                0x0000000080198c40                __preinit_array_start = .
 *(.preinit_array)
                0x0000000080198c40                __preinit_array_end = .
                0x0000000080198c40                . = ALIGN (0x10)
                0x0000000080198c40                __init_array_start = .
 *(SORT_BY_NAME(.init_array.*))
 *(.init_array)
                0x0000000080198c40                . = ALIGN (0x10)
 *crtbegin.o(.ctors)
 *(EXCLUDE_FILE(*crtend.o) .ctors)
 *(SORT_BY_NAME(.ctors.*))
 *crtend.o(.ctors)
                0x0000000080198c40                __init_array_end = .
                0x0000000080198c40                . = ALIGN (0x10)
                0x0000000080198c40                __fini_array_start = .
 *(.fini_array)
 *(SORT_BY_NAME(.fini_array.*))
 *crtbegin.o(.dtors)
 *(EXCLUDE_FILE(*crtend.o) .dtors)
 *(SORT_BY_NAME(.dtors.*))
 *crtend.o(.dtors)
                0x0000000080198c40                __fini_array_end = .
                0x0000000080198c40                __build_id = .
 *(.note.gnu.build-id)
                0x0000000080198c40                __build_id_end = .

.rel.dyn        0x0000000080198c40        0x0
 .rel.dyn       0x0000000080198c40        0x0 fnaf2.o

.rodata1
 *(.rodata1)
                0x0000000080198c40                __data_start = .

.data           0x0000000080198c40     0x7bc0
 *(.a0table)
 *(.data .data.* .gnu.linkonce.d.*)
 .data          0x0000000080198c40      0xd14 fnaf2.o
                0x0000000080198c40                vagsoundBank
                0x0000000080198d24                VertPosmanglehanging
                0x0000000080198d44                ScaleVectormanglehanging
                0x0000000080198d54                MovVectormanglehanging
                0x0000000080198d64                VertPosmutecall
                0x0000000080198d84                ScaleVectormutecall
                0x0000000080198d94                MovVectormutecall
                0x0000000080198da4                VertPosofficefronttoybonnie
                0x0000000080198dc4                ScaleVectorofficefronttoybonnie
                0x0000000080198dd4                MovVectorofficefronttoybonnie
                0x0000000080198de4                VertPosofficefront
                0x0000000080198e04                ScaleVectorofficefront
                0x0000000080198e14                MovVectorofficefront
                0x0000000080198e24                VertPostimer
                0x0000000080198e44                ScaleVectortimer
                0x0000000080198e54                MovVectortimer
                0x0000000080198e64                VertPoshallway
                0x0000000080198e84                ScaleVectorhallway3
                0x0000000080198e94                ScaleVectorhallway2
                0x0000000080198ea4                ScaleVectorhallway
                0x0000000080198eb4                MovVectorhallway4
                0x0000000080198ec4                MovVectorhallway3
                0x0000000080198ed4                MovVectorhallway2
                0x0000000080198ee4                MovVectorhallway
                0x0000000080198ef4                VertPosofficegolden
                0x0000000080198f14                ScaleVectorofficegolden
                0x0000000080198f24                MovVectorofficegolden
                0x0000000080198f34                VertPosgolden
                0x0000000080198f54                ScaleVectorgolden
                0x0000000080198f64                MovVectorgolden
                0x0000000080198f74                VertPospolycamgreyogreen
                0x0000000080198f94                ScaleVectorpolycamgreyogreen
                0x0000000080198fa4                MovVectorpolycamgreyogreen
                0x0000000080198fb4                ScaleVectorpolycamWoutline
                0x0000000080198fc4                VertPosfiveam
                0x0000000080198fe4                ScaleVectorfiveam
                0x0000000080198ff4                MovVectorfiveam
                0x0000000080199004                VertPosgoodjob
                0x0000000080199024                ScaleVectorgoodjob
                0x0000000080199034                MovVectorgoodjob
                0x0000000080199044                VertPosgameover
                0x0000000080199064                ScaleVectorgameover
                0x0000000080199074                MovVectorgameover
                0x0000000080199084                VertPosmask
                0x00000000801990a4                ScaleVectormask
                0x00000000801990b4                MovVectormask
                0x00000000801990c4                VertPoslayout
                0x00000000801990e4                ScaleVectorlayout
                0x00000000801990f4                MovVectorlayout
                0x0000000080199104                VertPosgoldenf
                0x0000000080199124                VertPosmangle
                0x0000000080199144                VertPostoychica
                0x0000000080199164                VertPostoybonnie
                0x0000000080199184                VertPostoyfreddy
                0x00000000801991a4                VertPosfoxy
                0x00000000801991c4                VertPoschica
                0x00000000801991e4                VertPosbonnie
                0x0000000080199204                VertPosfreddy
                0x0000000080199224                ScaleVectorgoldenf
                0x0000000080199234                MovVectorgoldenf
                0x0000000080199244                ScaleVectormangle
                0x0000000080199254                MovVectormangle
                0x0000000080199264                ScaleVectortoychica
                0x0000000080199274                MovVectortoychica
                0x0000000080199284                ScaleVectortoybonnie
                0x0000000080199294                MovVectortoybonnie
                0x00000000801992a4                ScaleVectortoyfreddy
                0x00000000801992b4                MovVectortoyfreddy
                0x00000000801992c4                ScaleVectorfoxy
                0x00000000801992d4                MovVectorfoxy
                0x00000000801992e4                ScaleVectorchica
                0x00000000801992f4                MovVectorchica
                0x0000000080199304                ScaleVectorbonnie
                0x0000000080199314                MovVectorbonnie
                0x0000000080199324                ScaleVectorfreddy
                0x0000000080199334                MovVectorfreddy
                0x0000000080199344                VertPosLvent
                0x0000000080199364                ScaleVectorLvent
                0x0000000080199374                MovVectorLvent
                0x0000000080199384                VertPosRvent
                0x00000000801993a4                ScaleVectorRvent
                0x00000000801993b4                MovVectorRvent
                0x00000000801993c4                VertPostableleft
                0x00000000801993e4                VertPostablefan
                0x0000000080199404                VertPostablemiddle2
                0x0000000080199424                VertPostablemiddle
                0x0000000080199444                VertPostableright
                0x0000000080199464                ScaleVectortablefan
                0x0000000080199474                MovVectortablefan
                0x0000000080199484                ScaleVectortableleft
                0x0000000080199494                MovVectortableleft
                0x00000000801994a4                ScaleVectortableright
                0x00000000801994b4                MovVectortableright
                0x00000000801994c4                ScaleVectortablemiddle2
                0x00000000801994d4                MovVectortablemiddle2
                0x00000000801994e4                ScaleVectortablemiddle
                0x00000000801994f4                MovVectortablemiddle
                0x0000000080199504                VertPos4
                0x0000000080199524                VertPosofficeleft2
                0x0000000080199544                VertPosofficeleft1
                0x0000000080199564                VertPosofficeright2
                0x0000000080199584                VertPosofficeright1
                0x00000000801995a4                VertPosofficemiddle
                0x00000000801995c4                ScaleVector4
                0x00000000801995d4                MovVector4
                0x00000000801995e4                ScaleVectorofficeleft2
                0x00000000801995f4                MovVectorofficeleft2
                0x0000000080199604                ScaleVectorofficeleft1
                0x0000000080199614                MovVectorofficeleft1
                0x0000000080199624                ScaleVectorofficeright2
                0x0000000080199634                MovVectorofficeright2
                0x0000000080199644                ScaleVectorofficeright1
                0x0000000080199654                MovVectorofficeright1
                0x0000000080199664                ScaleVectorofficemiddle
                0x0000000080199674                MovVectorofficemiddle
                0x0000000080199684                VertPoshelpwanted
                0x00000000801996a4                ScaleVectorhelpwanted
                0x00000000801996b4                MovVectorhelpwanted
                0x00000000801996c4                VertPosfoicon
                0x00000000801996e4                ScaleVectorfoicon
                0x00000000801996f4                MovVectorfoicon
                0x0000000080199704                VertPoscicon
                0x0000000080199724                ScaleVectorcicon
                0x0000000080199734                MovVectorcicon
                0x0000000080199744                VertPosbicon
                0x0000000080199764                ScaleVectorbicon
                0x0000000080199774                MovVectorbicon
                0x0000000080199784                VertPosficon
                0x00000000801997a4                ScaleVectorficon
                0x00000000801997b4                MovVectorficon
                0x00000000801997c4                VertPosicon
                0x00000000801997e4                ScaleVectoricon
                0x00000000801997f4                MovVectoricon
                0x0000000080199804                VertPosmenu
                0x0000000080199824                ScaleVectormenu
                0x0000000080199834                MovVectormenu
                0x0000000080199844                VertPosstatic
                0x0000000080199864                ScaleVectorstatic
                0x0000000080199874                MovVectorstatic
                0x0000000080199884                VertPosjump
                0x00000000801998a4                ScaleVectorjump
                0x00000000801998b4                MovVectorjump
                0x00000000801998c4                VertPositsme
                0x00000000801998e4                ScaleVectoritsme
                0x00000000801998f4                MovVectoritsme
                0x0000000080199904                VertPosselected
                0x0000000080199924                ScaleVectorselected
                0x0000000080199934                MovVectorselected
                0x0000000080199944                curcamname
 *fill*         0x0000000080199954        0x4 
 .data          0x0000000080199958     0x1100 C:/nolibgs_hello_worlds/psyq/lib\libetc.a(intr.o)
 .data          0x000000008019aa58       0x30 C:/nolibgs_hello_worlds/psyq/lib\libetc.a(intr_dma.o)
 .data          0x000000008019aa88       0x30 C:/nolibgs_hello_worlds/psyq/lib\libetc.a(intr_vb.o)
                0x000000008019aaa8                Vcount
 .data          0x000000008019aab8       0x20 C:/nolibgs_hello_worlds/psyq/lib\libetc.a(vsync.o)
                0x000000008019aac8                Hcount
 .data          0x000000008019aad8      0xb90 C:/nolibgs_hello_worlds/psyq/lib\libgpu.a(font.o)
                0x000000008019aad8                Font
 .data          0x000000008019b668      0x1a0 C:/nolibgs_hello_worlds/psyq/lib\libgpu.a(sys.o)
                0x000000008019b6b4                GPU_printf
                0x000000008019b6b8                GEnv
                0x000000008019b7e0                _qin
                0x000000008019b7e4                _qout
 .data          0x000000008019b808       0x10 C:/nolibgs_hello_worlds/psyq/lib\libgte.a(msc00.o)
 .data          0x000000008019b818     0x4000 C:/nolibgs_hello_worlds/psyq/lib\libgte.a(cstbl.o)
                0x000000008019b818                rcossin_tbl
 .data          0x000000008019f818       0x80 C:/nolibgs_hello_worlds/psyq/lib\libspu.a(s_ini.o)
                0x000000008019f820                _spu_EVdma
                0x000000008019f824                _spu_keystat
                0x000000008019f828                _spu_trans_mode
                0x000000008019f82c                _spu_rev_flag
                0x000000008019f830                _spu_rev_reserve_wa
                0x000000008019f834                _spu_rev_offsetaddr
                0x000000008019f838                _spu_rev_attr
                0x000000008019f84c                _spu_RQvoice
                0x000000008019f850                _spu_RQmask
                0x000000008019f854                _spu_voice_centerNote
                0x000000008019f884                _spu_env
                0x000000008019f888                _spu_isCalled
 .data          0x000000008019f898       0x10 C:/nolibgs_hello_worlds/psyq/lib\libspu.a(s_m.o)
                0x000000008019f898                _spu_AllocBlockNum
                0x000000008019f89c                _spu_AllocLastNum
                0x000000008019f8a0                _spu_memList
 .data          0x000000008019f8a8       0x30 C:/nolibgs_hello_worlds/psyq/lib\libspu.a(s_rmp0.o)
                0x000000008019f8a8                _spu_rev_startaddr
 .data          0x000000008019f8d8       0x60 C:/nolibgs_hello_worlds/psyq/lib\libspu.a(spu.o)
                0x000000008019f8d8                _spu_RXX
                0x000000008019f8f0                _spu_tsa
                0x000000008019f8f4                _spu_transMode
                0x000000008019f8f8                _spu_addrMode
                0x000000008019f8fc                _spu_mem_mode
                0x000000008019f900                _spu_mem_mode_plus
                0x000000008019f904                _spu_mem_mode_unit
                0x000000008019f908                _spu_mem_mode_unitM
                0x000000008019f90c                _spu_inTransfer
                0x000000008019f910                _spu_transferCallback
                0x000000008019f914                _spu_IRQCallback
 .data          0x000000008019f938      0x120 C:/nolibgs_hello_worlds/psyq/lib\libspu.a(s_n2p.o)
 .data          0x000000008019fa58       0x40 C:/nolibgs_hello_worlds/psyq/lib\libcd.a(cdr_1.o)
 .data          0x000000008019fa98       0x10 C:/nolibgs_hello_worlds/psyq/lib\libcd.a(event.o)
                0x000000008019fa98                CD_cbread
                0x000000008019fa9c                CD_read_dma_mode
 .data          0x000000008019faa8       0x10 C:/nolibgs_hello_worlds/psyq/lib\libcd.a(iso9660.o)
 .data          0x000000008019fab8       0x80 C:/nolibgs_hello_worlds/psyq/lib\libcd.a(s_016.o)
 .data          0x000000008019fb38      0x310 C:/nolibgs_hello_worlds/psyq/lib\libcd.a(bios_1.o)
                0x000000008019fb40                CD_cbsync
                0x000000008019fb44                CD_cbready
                0x000000008019fb48                CD_debug
                0x000000008019fb4c                CD_status
                0x000000008019fb50                CD_status1
                0x000000008019fb54                CD_nopen
                0x000000008019fb58                CD_pos
                0x000000008019fb5c                CD_mode
                0x000000008019fb5d                CD_com
                0x000000008019fb60                DS_active
                0x000000008019fb64                CD_comstr
                0x000000008019fbe4                CD_intstr
 .data          0x000000008019fe48       0x20 C:/nolibgs_hello_worlds/psyq/lib\libcd.a(bios_2.o)
 .data          0x000000008019fe68       0x20 C:/nolibgs_hello_worlds/psyq/lib\libcd.a(bios_3.o)
 .data          0x000000008019fe88       0x10 C:/nolibgs_hello_worlds/psyq/lib\libapi.a(pad.o)
 .data          0x000000008019fe98       0x10 C:/nolibgs_hello_worlds/psyq/lib\libetc.a(vmode.o)
 *(.data1)
 *(.sdata .sdata.* .gnu.linkonce.s.*)
 .sdata         0x000000008019fea8      0x288 fnaf2.o
                0x000000008019fea8                soundBank
                0x00000000801a0018                debug
                0x00000000801a001c                night
                0x00000000801a0020                AM
                0x00000000801a0024                customAM
                0x00000000801a0028                nextpri
                0x00000000801a002c                doescharlevelupstr
                0x00000000801a0030                staticframes
                0x00000000801a0034                speedoffice
                0x00000000801a0038                spriteframes
                0x00000000801a003c                screamerframes
                0x00000000801a0040                lastsecondsframes
                0x00000000801a0044                framedeadpossi
                0x00000000801a0048                enablephoneguystr
                0x00000000801a004c                enablephoneguy
                0x00000000801a0050                musicmascottune
                0x00000000801a0054                ambiancechance
                0x00000000801a0058                ambiancesound
                0x00000000801a005c                tensecondframe
                0x00000000801a0060                fadeoffice
                0x00000000801a0064                occupiedoncam
                0x00000000801a0068                curcam
                0x00000000801a006c                maskcooldown
                0x00000000801a0070                windingframe
                0x00000000801a0074                musicboxtimer
                0x00000000801a0078                musicboxunwidingvaluthird
                0x00000000801a007c                puppetlocationframe
                0x00000000801a0080                goldenfreddychancescrash
                0x00000000801a0084                goldenfreddychances
                0x00000000801a0088                BBlocationframe
                0x00000000801a008c                manglelockeduration
                0x00000000801a0090                manglefoolness
                0x00000000801a0094                manglelocationframe
                0x00000000801a0098                halfsecondframefoxy
                0x00000000801a009c                secondframefoxymask
                0x00000000801a00a0                secondframefoxy
                0x00000000801a00a4                foxylocationframe
                0x00000000801a00a8                toychicafoolness
                0x00000000801a00ac                toychicalocationframe
                0x00000000801a00b0                chicalocationframe
                0x00000000801a00b4                toybonnielocationframevent
                0x00000000801a00b8                toybonnielocationframe
                0x00000000801a00bc                bonnielocationframe
                0x00000000801a00c0                toyfreddycountdown
                0x00000000801a00c4                toyfreddylocationframe
                0x00000000801a00c8                freddycountdown
                0x00000000801a00cc                freddylocationframe
                0x00000000801a00d0                twoplayermodestr
                0x00000000801a00d4                fastnightsstr
                0x00000000801a00d8                radarstr
                0x00000000801a00dc                unlimitedpowerstr
                0x00000000801a00e0                convertion
                0x00000000801a00e4                printnumber
                0x00000000801a00e8                ranmenu
                0x00000000801a00ec                musicframes
                0x00000000801a00f0                menuselectionmax
                0x00000000801a00f4                menuselection
                0x00000000801a00f8                animatronicategorie
                0x00000000801a00fc                presetselector
                0x00000000801a0100                BBlocationframelock
                0x00000000801a0104                manglelocationframelock
                0x00000000801a0108                toychicalocationframelock
                0x00000000801a010c                toybonnielocationframelock
                0x00000000801a0110                toyfreddylocationframelock
                0x00000000801a0114                foxylocationframelock
                0x00000000801a0118                chicalocationframelock
                0x00000000801a011c                bonnielocationframelock
                0x00000000801a0120                freddylocationframelock
                0x00000000801a0124                freddyfacechangedchances
                0x00000000801a0128                frames
                0x00000000801a012c                fntColor
 *(.sdata2 .sdata2.* .gnu.linkonce.s2.*)
 *(.got.plt)
 *(.got)
                0x00000000801a0800                . = ALIGN (0x800)
 *fill*         0x00000000801a0130      0x6d0 
                0x00000000801a0800                __data_end = .
                0x00000000801a0800                __fdata_end = .
                0x00000000801a0800                __bss_start = .

.sbss           0x00000000801a0800    0x59200
 *(.dynsbss)
 *(.sbss .sbss.* .gnu.linkonce.sb.*)
 .sbss          0x00000000801a0800      0x4e0 fnaf2.o
                0x00000000801a0800                loc
                0x00000000801a0804                filter
                0x00000000801a0808                FrameCounter
                0x00000000801a080c                RotVectormanglehanging
                0x00000000801a0814                polymanglehanging
                0x00000000801a0818                RotVectormutecall
                0x00000000801a0820                polymutecall
                0x00000000801a0824                RotVectorofficefronttoybonnie
                0x00000000801a082c                polyofficefronttoybonnie
                0x00000000801a0830                RotVectorofficefront
                0x00000000801a0838                polyofficefront
                0x00000000801a083c                RotVectortimer
                0x00000000801a0844                polytimer
                0x00000000801a0848                RotVectorhallway
                0x00000000801a0850                polyhallway
                0x00000000801a0854                RotVectorofficegolden
                0x00000000801a085c                polyofficegolden
                0x00000000801a0860                RotVectorgolden
                0x00000000801a0868                polygolden
                0x00000000801a086c                RotVectorpolycamgreyogreen
                0x00000000801a0874                polycamgreyogreen
                0x00000000801a0878                polycamWoutline
                0x00000000801a087c                RotVectorfiveam
                0x00000000801a0884                polyfiveam
                0x00000000801a0888                RotVectorgoodjob
                0x00000000801a0890                polygoodjob
                0x00000000801a0894                RotVectorgameover
                0x00000000801a089c                polygameover
                0x00000000801a08a0                RotVectormask
                0x00000000801a08a8                polymask
                0x00000000801a08ac                RotVectorlayout
                0x00000000801a08b4                polylayout
                0x00000000801a08b8                RotVectorgoldenf
                0x00000000801a08c0                RotVectormangle
                0x00000000801a08c8                RotVectortoychica
                0x00000000801a08d0                RotVectortoybonnie
                0x00000000801a08d8                RotVectortoyfreddy
                0x00000000801a08e0                RotVectorfoxy
                0x00000000801a08e8                RotVectorchica
                0x00000000801a08f0                RotVectorbonnie
                0x00000000801a08f8                RotVectorfreddy
                0x00000000801a0900                polygoldenf
                0x00000000801a0904                polymangle
                0x00000000801a0908                polytoychica
                0x00000000801a090c                polytoybonnie
                0x00000000801a0910                polytoyfreddy
                0x00000000801a0914                polyfoxy
                0x00000000801a0918                polychica
                0x00000000801a091c                polybonnie
                0x00000000801a0920                polyfreddy
                0x00000000801a0924                RotVectorLvent
                0x00000000801a092c                polyLvent
                0x00000000801a0930                RotVectorRvent
                0x00000000801a0938                polyRvent
                0x00000000801a093c                RotVectortablefan
                0x00000000801a0944                RotVectortableleft
                0x00000000801a094c                RotVectortableright
                0x00000000801a0954                RotVectortablemiddle2
                0x00000000801a095c                RotVectortablemiddle
                0x00000000801a0964                polytablefan
                0x00000000801a0968                polytableleft
                0x00000000801a096c                polytableright
                0x00000000801a0970                polytablemiddle2
                0x00000000801a0974                polytablemiddle
                0x00000000801a0978                RotVector4
                0x00000000801a0980                RotVectorofficeleft2
                0x00000000801a0988                RotVectorofficeleft1
                0x00000000801a0990                RotVectorofficeright2
                0x00000000801a0998                RotVectorofficeright1
                0x00000000801a09a0                RotVectorofficemiddle
                0x00000000801a09a8                poly4
                0x00000000801a09ac                polyofficeleft2
                0x00000000801a09b0                polyofficeleft1
                0x00000000801a09b4                polyofficeright2
                0x00000000801a09b8                polyofficeright1
                0x00000000801a09bc                polyofficemiddle
                0x00000000801a09c0                RotVectorhelpwanted
                0x00000000801a09c8                polyhelpwanted
                0x00000000801a09cc                RotVectorfoicon
                0x00000000801a09d4                polyfoicon
                0x00000000801a09d8                RotVectorcicon
                0x00000000801a09e0                polycicon
                0x00000000801a09e4                RotVectorbicon
                0x00000000801a09ec                polybicon
                0x00000000801a09f0                RotVectorficon
                0x00000000801a09f8                polyficon
                0x00000000801a09fc                RotVectoricon
                0x00000000801a0a04                polyicon
                0x00000000801a0a08                RotVectormenu
                0x00000000801a0a10                polymenu
                0x00000000801a0a14                RotVectorstatic
                0x00000000801a0a1c                polystatic
                0x00000000801a0a20                RotVectorjump
                0x00000000801a0a28                polyjump
                0x00000000801a0a2c                RotVectoritsme
                0x00000000801a0a34                polyitsme
                0x00000000801a0a38                RotVectorselected
                0x00000000801a0a40                polyselected
                0x00000000801a0a44                OTz
                0x00000000801a0a48                polyflag
                0x00000000801a0a4c                polydepth
                0x00000000801a0a50                doescharlevelup
                0x00000000801a0a54                debugging
                0x00000000801a0a58                customnightactivated
                0x00000000801a0a5c                ventbangingframes
                0x00000000801a0a60                ventbanging
                0x00000000801a0a64                fanframes
                0x00000000801a0a68                staticframessheet
                0x00000000801a0a6c                nextnightframes
                0x00000000801a0a70                fivetosixamframes
                0x00000000801a0a74                nightwon
                0x00000000801a0a78                spritesheet
                0x00000000801a0a7c                deadfrom
                0x00000000801a0a80                dead
                0x00000000801a0a84                deadtoybonnie
                0x00000000801a0a88                screamersetsound
                0x00000000801a0a8c                isalreadydeadlow
                0x00000000801a0a90                isalreadydead
                0x00000000801a0a94                mutedcall
                0x00000000801a0a98                phoneguytalkingconst
                0x00000000801a0a9c                phoneguytalking
                0x00000000801a0aa0                limiterphoneguy
                0x00000000801a0aa4                mascottune
                0x00000000801a0aa8                framenoisefootstepF
                0x00000000801a0aac                noisefootstepF
                0x00000000801a0ab0                noisefootstepanimatronic
                0x00000000801a0ab4                framenoisefootstep
                0x00000000801a0ab8                noisefootstep
                0x00000000801a0abc                oldnight
                0x00000000801a0ac0                onetime
                0x00000000801a0ac4                inorout
                0x00000000801a0ac8                weirdnight
                0x00000000801a0acc                checkframes
                0x00000000801a0ad0                blinkicon
                0x00000000801a0ad4                officequeuetimer
                0x00000000801a0ad8                limitercameraL
                0x00000000801a0adc                limitercameraR
                0x00000000801a0ae0                limitercameraU
                0x00000000801a0ae4                limitercameraD
                0x00000000801a0ae8                cooldowncamera
                0x00000000801a0aec                camera
                0x00000000801a0af0                limiterbop
                0x00000000801a0af4                limiter3
                0x00000000801a0af8                limiterhall
                0x00000000801a0afc                limiter2
                0x00000000801a0b00                camlimiter
                0x00000000801a0b04                lightframe
                0x00000000801a0b08                issomeonehall
                0x00000000801a0b0c                lighthall
                0x00000000801a0b10                light2
                0x00000000801a0b14                light1
                0x00000000801a0b18                masklimiter
                0x00000000801a0b1c                ismaskon
                0x00000000801a0b20                cantlightL
                0x00000000801a0b24                cantlightR
                0x00000000801a0b28                cantlight
                0x00000000801a0b2c                jamlightframes
                0x00000000801a0b30                jamlight
                0x00000000801a0b34                side
                0x00000000801a0b38                triggeralarm
                0x00000000801a0b3c                mangleHere
                0x00000000801a0b40                toybonnieHere
                0x00000000801a0b44                toychicaHere
                0x00000000801a0b48                windingframessound
                0x00000000801a0b4c                ismusicboxatzero
                0x00000000801a0b50                musicboxunwidingvaludemi
                0x00000000801a0b54                musicboxunwidingvalue
                0x00000000801a0b58                puppetlocation
                0x00000000801a0b5c                puppetdifficulty
                0x00000000801a0b60                nolongerincam
                0x00000000801a0b64                goldenfreddyactivated
                0x00000000801a0b68                goldenfreddyframes
                0x00000000801a0b6c                goldenfreddylocation
                0x00000000801a0b70                goldenfreddydifficulty
                0x00000000801a0b74                BBlolonce
                0x00000000801a0b78                BBlol
                0x00000000801a0b7c                BBfoolness
                0x00000000801a0b80                BBlocation
                0x00000000801a0b84                BBdifficulty
                0x00000000801a0b88                mangleattack
                0x00000000801a0b8c                mangleknockframe
                0x00000000801a0b90                manglesknock
                0x00000000801a0b94                mangleoxy